<html>
<body>
<pre>
<h1>µVision Build Log</h1>
<h2>Tool Versions:</h2>
IDE-Version: µVision V5.31.0.0
Copyright (C) 2020 ARM Ltd and ARM Germany GmbH. All rights reserved.
License Information: Ali Fele Paranj, sharif, LIC=GMZI6-DKZE9-VEUHA-1PZWI-TW5ZN-BU2AE
 
Tool Versions:
Toolchain:       MDK-ARM Plus  Version: 5.31.0.0
Toolchain Path:  C:\Keil_v5\ARM\ARMCC\Bin
C Compiler:      Armcc.exe V5.06 update 6 (build 750)
Assembler:       Armasm.exe V5.06 update 6 (build 750)
Linker/Locator:  ArmLink.exe V5.06 update 6 (build 750)
Library Manager: ArmAr.exe V5.06 update 6 (build 750)
Hex Converter:   FromElf.exe V5.06 update 6 (build 750)
CPU DLL:         SARMCM3.DLL V5.31.0.0
Dialog DLL:      DCM.DLL V1.17.3.0
Target DLL:      STLink\ST-LINKIII-KEIL_SWO.dll V3.0.7.0
Dialog DLL:      TCM.DLL V1.46.0.0
 
<h2>Project:</h2>
D:\Ali Folder\Heart\software\MDK-ARM\software.uvprojx
Project File Date:  03/02/2021

<h2>Output:</h2>
*** Using Compiler 'V5.06 update 6 (build 750)', folder: 'C:\Keil_v5\ARM\ARMCC\Bin'
Build target 'software'
compiling main.c...
../Core/Src/main.c(116): warning:  #167-D: argument of type "char *" is incompatible with parameter of type "uint8_t *"
  			HAL_UART_Receive(&huart3, readbuff, strlen("start"), HAL_MAX_DELAY);
../Core/Src/main.c(131): warning:  #223-D: function "sprintf" declared implicitly
  	  sprintf(msg, "%d\n", raw);
../Core/Src/main.c(132): warning:  #167-D: argument of type "char *" is incompatible with parameter of type "uint8_t *"
  	  HAL_UART_Transmit(&huart3, msg, strlen(msg), HAL_MAX_DELAY);
../Core/Src/main.c(101): warning:  #177-D: variable "channels"  was declared but never referenced
  	char channels[6] = {'r','g','b','o','w','p'};
../Core/Src/main.c: 4 warnings, 0 errors
linking...
Program Size: Code=6232 RO-data=468 RW-data=16 ZI-data=1160  
FromELF: creating hex file...
"software\software.axf" - 0 Error(s), 4 Warning(s).

<h2>Software Packages used:</h2>

Package Vendor: ARM
                http://www.keil.com/pack/ARM.CMSIS.5.7.0.pack
                ARM.CMSIS.5.7.0
                CMSIS (Cortex Microcontroller Software Interface Standard)
   * Component: CORE Version: 5.4.0

Package Vendor: Keil
                http://www.keil.com/pack/Keil.STM32F4xx_DFP.2.15.0.pack
                Keil.STM32F4xx_DFP.2.15.0
                STMicroelectronics STM32F4 Series Device Support, Drivers and Examples

<h2>Collection of Component include folders:</h2>
  .\RTE\_software
  C:\Users\Medphyslab\AppData\Local\Arm\Packs\ARM\CMSIS\5.7.0\CMSIS\Core\Include
  C:\Users\Medphyslab\AppData\Local\Arm\Packs\Keil\STM32F4xx_DFP\2.15.0\Drivers\CMSIS\Device\ST\STM32F4xx\Include

<h2>Collection of Component Files used:</h2>

   * Component: ARM::CMSIS:CORE:5.4.0
Build Time Elapsed:  00:00:02
</pre>
</body>
</html>
